{"ts":"2026-08-07T08:56:44.971Z","action":"inquiry_created","inquiryId":"YWOhACllglhuo8R5AL1E","venue":"9Fs3R2WsHax8ghzfYKap","customer":"9QYeiEADOScYm4i2jBU2"}
{"ts":"2026-08-07T08:56:45.031Z","action":"inquiry_created","inquiryId":"aBwWS9SRka6QTAVoczTA","venue":"9Fs3R2WsHax8ghzfYKap","customer":"9QYeiEADOScYm4i2jBU2"}
{"ts":"2026-08-07T08:56:45.093Z","action":"inquiry_created","inquiryId":"iJKialysVKUoAc4ILD5C","venue":"9Fs3R2WsHax8ghzfYKap","customer":"9QYeiEADOScYm4i2jBU2"}
{"ts":"2026-08-07T09:01:16.985Z","action":"inquiry_created","inquiryId":"mKGGeSc1LK92sTt8Gk2y","venue":"fcSxLnOF7DWQzhe3J08Z","customer":"SyL0Ltsyj6GyyTamp7Bc"}
{"ts":"2026-08-07T09:01:17.073Z","action":"booking_created","bookingId":"T8b0i28r5AYqUOoOVItv","inquiryId":"mKGGeSc1LK92sTt8Gk2y","venue":"fcSxLnOF7DWQzhe3J08Z"}
{"ts":"2026-08-07T09:01:30.555Z","action":"inquiry_created","inquiryId":"SwHZqc9f6b7M9Pa97gn3","venue":"2mN1ob2FHTDQ4qTogjF2","customer":"AknxdMOCrHiWgsYqNJW5"}
{"ts":"2026-08-07T09:01:30.639Z","action":"booking_created","bookingId":"aqNHheD02oujcT4AArvP","inquiryId":"SwHZqc9f6b7M9Pa97gn3","venue":"2mN1ob2FHTDQ4qTogjF2"}
{"ts":"2026-08-07T09:04:18.765Z","action":"inquiry_created","inquiryId":"zKHHh2IgpOsT1cKukk4S","venue":"B8PXAi2sMn2NqbUMBNBj","customer":"yegX8rqH0202S6NX31mr"}
{"ts":"2026-08-07T09:04:18.858Z","action":"booking_created","bookingId":"trDbCgUb67K3gkjoeIOe","inquiryId":"zKHHh2IgpOsT1cKukk4S","venue":"B8PXAi2sMn2NqbUMBNBj"}
{"ts":"2026-08-07T09:04:18.934Z","action":"inquiry_created","inquiryId":"DK4c2eSYTMEeTekIPOmU","venue":"B8PXAi2sMn2NqbUMBNBj","customer":"yegX8rqH0202S6NX31mr"}
{"ts":"2026-08-07T09:04:43.343Z","action":"inquiry_created","inquiryId":"27W0Pdv54HnzEFyDLXDw","venue":"olbaT5o2056DXQe1OBzR","customer":"uzNdzFguIqmEFFkSWyR0"}
{"ts":"2026-08-07T09:04:43.437Z","action":"booking_created","bookingId":"JzrTiv9VdkuE0A5p35Qd","inquiryId":"27W0Pdv54HnzEFyDLXDw","venue":"olbaT5o2056DXQe1OBzR"}
{"ts":"2026-08-07T09:04:43.497Z","action":"inquiry_created","inquiryId":"gZt23kSK9jVDF7lU9eq9","venue":"olbaT5o2056DXQe1OBzR","customer":"uzNdzFguIqmEFFkSWyR0"}
{"ts":"2026-08-07T09:04:43.667Z","action":"inquiry_created","inquiryId":"fblMbcQtwAW89p89Sjth","venue":"olbaT5o2056DXQe1OBzR","customer":"uzNdzFguIqmEFFkSWyR0"}
{"ts":"2026-08-07T09:05:10.650Z","action":"inquiry_created","inquiryId":"RWiihBYCQWWQwIVRgRdJ","venue":"DqkGcuUhFepzsQqXeoPn","customer":"NgGnf1hRJMI8zJAHz8ui"}
{"ts":"2026-08-07T09:05:10.741Z","action":"inquiry_created","inquiryId":"sHVXjV331hvLMtjEtSk4","venue":"DqkGcuUhFepzsQqXeoPn","customer":"NgGnf1hRJMI8zJAHz8ui"}
{"ts":"2026-08-07T09:05:10.834Z","action":"inquiry_created","inquiryId":"deMsZyFSUwmH0t0pI2HI","venue":"DqkGcuUhFepzsQqXeoPn","customer":"NgGnf1hRJMI8zJAHz8ui"}
{"ts":"2026-08-07T09:10:07.632Z","action":"inquiry_created","inquiryId":"sKeAtuTWwNulmS7GTZx4","venue":"wFWSeishHFnD7GbWW3rU","customer":"0D3FMYdXx3fE6wIxNaZq"}
{"ts":"2026-08-07T09:10:17.480Z","action":"inquiry_created","inquiryId":"vZAujHNZRsikV5KTd6Aa","venue":"M8FNXMpdZj6SQ2r5RE76","customer":"brfufIJCqpKHYJXvANE9"}
{"ts":"2026-08-07T09:10:17.619Z","action":"inquiry_created","inquiryId":"QqjSrR4lB2XbjEt0HO8O","venue":"M8FNXMpdZj6SQ2r5RE76","customer":"brfufIJCqpKHYJXvANE9"}
{"ts":"2026-08-07T09:10:31.147Z","action":"inquiry_created","inquiryId":"zQB4ri0ZGg6zjcljcLKQ","venue":"Soky1Ilyn89pnlsPkCFM","customer":"cfPmz7XOHAkofxZYAqn4"}
{"ts":"2026-08-07T09:10:53.193Z","action":"inquiry_created","inquiryId":"iEyZz6EWLc6bUhxt5pCc","venue":"Glv4TBQEbCa9ZJKhV3MO","customer":"CFId0fzwHeI6x1fCej4C"}
{"ts":"2026-08-07T09:10:53.285Z","action":"inquiry_created","inquiryId":"3TGvW5F9CoEj1Tk6mEWH","venue":"Glv4TBQEbCa9ZJKhV3MO","customer":"CFId0fzwHeI6x1fCej4C"}
{"ts":"2026-08-07T09:10:53.378Z","action":"inquiry_created","inquiryId":"YX0SIsfTEE1ZRqGts53b","venue":"Glv4TBQEbCa9ZJKhV3MO","customer":"CFId0fzwHeI6x1fCej4C"}
{"ts":"2026-08-07T09:11:00.274Z","action":"inquiry_created","inquiryId":"fDxrvNIv21RoNzWtnbrV","venue":"3Nc5BtBkckrSI9uJepjR","customer":"Zl1DcJmksfHQX6geDvSm"}
{"ts":"2026-08-07T09:11:00.368Z","action":"booking_created","bookingId":"4Av8L3kgQohApYDk7lbR","inquiryId":"fDxrvNIv21RoNzWtnbrV","venue":"3Nc5BtBkckrSI9uJepjR"}
{"ts":"2026-08-07T09:11:00.444Z","action":"inquiry_created","inquiryId":"EhHYV5XU3MiKuFpYIelp","venue":"3Nc5BtBkckrSI9uJepjR","customer":"Zl1DcJmksfHQX6geDvSm"}
{"ts":"2026-08-07T09:11:00.599Z","action":"inquiry_created","inquiryId":"Qv8Twm3s03cvVzOb2gbM","venue":"3Nc5BtBkckrSI9uJepjR","customer":"Zl1DcJmksfHQX6geDvSm"}
{"ts":"2026-08-07T09:11:11.822Z","action":"inquiry_created","inquiryId":"EjfZqOL09i54VUEyP4YF","venue":"txxcvjBcKJTsSIWygcWF","customer":"jETttLi3O6F3e8NQoNLN"}
{"ts":"2026-08-07T09:11:11.915Z","action":"booking_created","bookingId":"LpiTvsoUSjZU8rTP6pnM","inquiryId":"EjfZqOL09i54VUEyP4YF","venue":"txxcvjBcKJTsSIWygcWF"}
{"ts":"2026-08-07T09:11:11.991Z","action":"inquiry_created","inquiryId":"QR0Mk2JqibDnCgRPsTCk","venue":"txxcvjBcKJTsSIWygcWF","customer":"jETttLi3O6F3e8NQoNLN"}
{"ts":"2026-08-07T09:11:12.161Z","action":"inquiry_created","inquiryId":"avPvezTmPNOq741XR4Do","venue":"txxcvjBcKJTsSIWygcWF","customer":"jETttLi3O6F3e8NQoNLN"}
{"ts":"2026-08-07T09:11:34.802Z","action":"inquiry_created","inquiryId":"N58ZwcabLnoD1PLFnMlc","venue":"Hvyte5O7d63V8tyw2mdL","customer":"HJOHWa3ukcYNUKu0btgK"}
{"ts":"2026-08-07T09:11:34.878Z","action":"booking_created","bookingId":"bJT7uiJq3lCY7dJgLQuY","inquiryId":"N58ZwcabLnoD1PLFnMlc","venue":"Hvyte5O7d63V8tyw2mdL"}
{"ts":"2026-08-07T09:11:34.955Z","action":"inquiry_created","inquiryId":"sSuAMsT5t4MNrKhoswDT","venue":"Hvyte5O7d63V8tyw2mdL","customer":"HJOHWa3ukcYNUKu0btgK"}
{"ts":"2026-08-07T09:11:35.125Z","action":"inquiry_created","inquiryId":"7hpsDhadI1XFXfGAUNT9","venue":"Hvyte5O7d63V8tyw2mdL","customer":"HJOHWa3ukcYNUKu0btgK"}
{"ts":"2026-08-07T09:12:26.767Z","action":"inquiry_created","inquiryId":"4enxdhTXROVzAtfT0p4W","venue":"d9zYAOxGH6aHyH5Igdqh","customer":"GaFDtC6hFt8f2mhp6NXi"}
{"ts":"2026-08-07T09:12:26.859Z","action":"inquiry_created","inquiryId":"rQmX44RDbFw9MI40zTrO","venue":"d9zYAOxGH6aHyH5Igdqh","customer":"GaFDtC6hFt8f2mhp6NXi"}
{"ts":"2026-08-07T09:12:26.936Z","action":"inquiry_created","inquiryId":"fvTaX2wUXCV366qjfNSc","venue":"d9zYAOxGH6aHyH5Igdqh","customer":"GaFDtC6hFt8f2mhp6NXi"}
{"ts":"2026-08-07T09:12:34.074Z","action":"inquiry_created","inquiryId":"Fh2zQKlBqGtvTAal0Z6D","venue":"3BHswb7ErIxxCVG5LLDa","customer":"sVllptP21VU9ZcnyyV8S"}
{"ts":"2026-08-07T09:12:34.164Z","action":"booking_created","bookingId":"i8MvPJKzAr5UtigcVHtK","inquiryId":"Fh2zQKlBqGtvTAal0Z6D","venue":"3BHswb7ErIxxCVG5LLDa"}
{"ts":"2026-08-07T09:12:34.235Z","action":"inquiry_created","inquiryId":"MTY4WI1QacEnTbXdeIYl","venue":"3BHswb7ErIxxCVG5LLDa","customer":"sVllptP21VU9ZcnyyV8S"}
{"ts":"2026-08-07T09:12:34.383Z","action":"inquiry_created","inquiryId":"5bIBI7qGwCtiDjpORj5p","venue":"3BHswb7ErIxxCVG5LLDa","customer":"sVllptP21VU9ZcnyyV8S"}
{"ts":"2026-08-08T09:49:55.810Z","action":"inquiry_created","inquiryId":"546gTDcNId7YivuTiwGh","venue":"WS0Dhoc3W8gCsAIRlZ7S","customer":"aPUYte084SUMB4pwhfaR"}
{"ts":"2026-08-08T09:52:15.380Z","action":"inquiry_created","inquiryId":"G3hHMH7JY2OzXOUN55V0","venue":"ECjLNjeHecmSBcpJccOk","customer":"ZJ85m5gnUZPHZ6wQKJQm"}
{"ts":"2026-08-08T09:53:13.634Z","action":"inquiry_created","inquiryId":"W69LXHkZGIWNwFC7zSIo","venue":"BNTT1lu2M2EdOa0CMcvv","customer":"YkUQ1hUlhuwGFe48Lu0o"}
{"ts":"2026-08-08T09:53:13.726Z","action":"inquiry_created","inquiryId":"KpI2ZuJQycHnNuywUllY","venue":"BNTT1lu2M2EdOa0CMcvv","customer":"YkUQ1hUlhuwGFe48Lu0o"}
{"ts":"2026-08-08T09:53:13.819Z","action":"inquiry_created","inquiryId":"NTiwWDBk3FjoqeIDXj8Q","venue":"BNTT1lu2M2EdOa0CMcvv","customer":"YkUQ1hUlhuwGFe48Lu0o"}
{"ts":"2026-08-08T09:53:27.815Z","action":"inquiry_created","inquiryId":"xu5LZJ2plb5zCJJpabhO","venue":"VHfBfdHDNV0EnxZRfLnC","customer":"iM3XhlcxqLTyEtBmSfVg"}
{"ts":"2026-08-08T09:53:34.616Z","action":"inquiry_created","inquiryId":"rYYTvLGu0JUVJzt36wjR","venue":"YQ2amaJWD9EW5JxVobu9","customer":"IhjamxOIzdGIiTHBs22Q"}
{"ts":"2026-08-08T09:53:34.688Z","action":"booking_created","bookingId":"PkidX0a8wgx5rhNgw1rR","inquiryId":"rYYTvLGu0JUVJzt36wjR","venue":"YQ2amaJWD9EW5JxVobu9"}
{"ts":"2026-08-08T09:53:34.771Z","action":"inquiry_created","inquiryId":"MJXHnhXtU2qrob2t4yeA","venue":"YQ2amaJWD9EW5JxVobu9","customer":"IhjamxOIzdGIiTHBs22Q"}
{"ts":"2026-08-08T09:53:34.940Z","action":"inquiry_created","inquiryId":"81tVPjAfSoCqzBT4Cnfb","venue":"YQ2amaJWD9EW5JxVobu9","customer":"IhjamxOIzdGIiTHBs22Q"}
{"ts":"2026-08-08T09:57:32.128Z","action":"inquiry_created","inquiryId":"fifNl4yPlTuuvkXt5n1b","venue":"n5rmr7JjoORMmnZvWMbV","customer":"sU7LFOv1BlJi983P6sms"}
{"ts":"2026-08-08T09:57:32.236Z","action":"inquiry_created","inquiryId":"khu4fszbU2aRtn0dzizM","venue":"n5rmr7JjoORMmnZvWMbV","customer":"sU7LFOv1BlJi983P6sms"}
{"ts":"2026-08-08T09:57:32.327Z","action":"inquiry_created","inquiryId":"rE03o2MCJHSOM5fEuURq","venue":"n5rmr7JjoORMmnZvWMbV","customer":"sU7LFOv1BlJi983P6sms"}
{"ts":"2026-08-08T09:57:39.111Z","action":"inquiry_created","inquiryId":"tMBuU550F0ubJIxe6Y7b","venue":"6hjGvASdbEI8QqnMavpJ","customer":"6dj05MlOMHW8mkHDaUmL"}
